%!Adobe-FontList 1.19
%Locale:0x416

%BeginFont
Handler:DirectoryHandler
FontType:Invalid
OutlineFileName:C:\xampp\htdocs\WISE\impressao\Font\courier.php
FileModTime:1591993916
%EndFont

%BeginFont
Handler:DirectoryHandler
FontType:Invalid
OutlineFileName:C:\xampp\htdocs\WISE\impressao\Font\courierb.php
FileModTime:1591993916
%EndFont

%BeginFont
Handler:DirectoryHandler
FontType:Invalid
OutlineFileName:C:\xampp\htdocs\WISE\impressao\Font\courierbi.php
FileModTime:1591993916
%EndFont

%BeginFont
Handler:DirectoryHandler
FontType:Invalid
OutlineFileName:C:\xampp\htdocs\WISE\impressao\Font\courieri.php
FileModTime:1591993916
%EndFont

%BeginFont
Handler:DirectoryHandler
FontType:Invalid
OutlineFileName:C:\xampp\htdocs\WISE\impressao\Font\helvetica.php
FileModTime:1591993916
%EndFont

%BeginFont
Handler:DirectoryHandler
FontType:Invalid
OutlineFileName:C:\xampp\htdocs\WISE\impressao\Font\helveticab.php
FileModTime:1591993916
%EndFont

%BeginFont
Handler:DirectoryHandler
FontType:Invalid
OutlineFileName:C:\xampp\htdocs\WISE\impressao\Font\helveticabi.php
FileModTime:1591993916
%EndFont

%BeginFont
Handler:DirectoryHandler
FontType:Invalid
OutlineFileName:C:\xampp\htdocs\WISE\impressao\Font\helveticai.php
FileModTime:1591993916
%EndFont

%BeginFont
Handler:DirectoryHandler
FontType:Invalid
OutlineFileName:C:\xampp\htdocs\WISE\impressao\Font\symbol.php
FileModTime:1591993916
%EndFont

%BeginFont
Handler:DirectoryHandler
FontType:Invalid
OutlineFileName:C:\xampp\htdocs\WISE\impressao\Font\times.php
FileModTime:1591993916
%EndFont

%BeginFont
Handler:DirectoryHandler
FontType:Invalid
OutlineFileName:C:\xampp\htdocs\WISE\impressao\Font\timesb.php
FileModTime:1591993916
%EndFont

%BeginFont
Handler:DirectoryHandler
FontType:Invalid
OutlineFileName:C:\xampp\htdocs\WISE\impressao\Font\timesbi.php
FileModTime:1591993916
%EndFont

%BeginFont
Handler:DirectoryHandler
FontType:Invalid
OutlineFileName:C:\xampp\htdocs\WISE\impressao\Font\timesi.php
FileModTime:1591993916
%EndFont

%BeginFont
Handler:DirectoryHandler
FontType:Invalid
OutlineFileName:C:\xampp\htdocs\WISE\impressao\Font\zapfdingbats.php
FileModTime:1591993916
%EndFont

